Simulator report for Exp02Task03
Thu Aug 27 11:53:35 2020
Quartus II Version 8.1 Build 163 10/28/2008 SJ Web Edition


---------------------
; Table of Contents ;
---------------------
  1. Legal Notice
  2. Simulator Summary
  3. Simulator Settings
  4. Simulation Waveforms
  5. Coverage Summary
  6. Complete 1/0-Value Coverage
  7. Missing 1-Value Coverage
  8. Missing 0-Value Coverage
  9. Simulator INI Usage
 10. Simulator Messages



----------------
; Legal Notice ;
----------------
Copyright (C) 1991-2008 Altera Corporation
Your use of Altera Corporation's design tools, logic functions 
and other software and tools, and its AMPP partner logic 
functions, and any output files from any of the foregoing 
(including device programming or simulation files), and any 
associated documentation or information are expressly subject 
to the terms and conditions of the Altera Program License 
Subscription Agreement, Altera MegaCore Function License 
Agreement, or other applicable license agreement, including, 
without limitation, that your use is for the sole purpose of 
programming logic devices manufactured by Altera and sold by 
Altera or its authorized distributors.  Please refer to the 
applicable agreement for further details.



+--------------------------------------------+
; Simulator Summary                          ;
+-----------------------------+--------------+
; Type                        ; Value        ;
+-----------------------------+--------------+
; Simulation Start Time       ; 0 ps         ;
; Simulation End Time         ; 1.0 us       ;
; Simulation Netlist Size     ; 113 nodes    ;
; Simulation Coverage         ;      74.79 % ;
; Total Number of Transitions ; 14435        ;
; Simulation Breakpoints      ; 0            ;
; Family                      ; FLEX10KE     ;
+-----------------------------+--------------+


+------------------------------------------------------------------------------------------------------------------------------+
; Simulator Settings                                                                                                           ;
+--------------------------------------------------------------------------------------------+-----------------+---------------+
; Option                                                                                     ; Setting         ; Default Value ;
+--------------------------------------------------------------------------------------------+-----------------+---------------+
; Simulation mode                                                                            ; Functional      ; Timing        ;
; Start time                                                                                 ; 0 ns            ; 0 ns          ;
; Simulation results format                                                                  ; CVWF            ;               ;
; Vector input source                                                                        ; Exp02Task03.vwf ;               ;
; Add pins automatically to simulation output waveforms                                      ; On              ; On            ;
; Check outputs                                                                              ; Off             ; Off           ;
; Report simulation coverage                                                                 ; On              ; On            ;
; Display complete 1/0 value coverage report                                                 ; On              ; On            ;
; Display missing 1-value coverage report                                                    ; On              ; On            ;
; Display missing 0-value coverage report                                                    ; On              ; On            ;
; Detect setup and hold time violations                                                      ; Off             ; Off           ;
; Detect glitches                                                                            ; Off             ; Off           ;
; Disable timing delays in Timing Simulation                                                 ; Off             ; Off           ;
; Generate Signal Activity File                                                              ; Off             ; Off           ;
; Generate VCD File for PowerPlay Power Analyzer                                             ; Off             ; Off           ;
; Group bus channels in simulation results                                                   ; Off             ; Off           ;
; Preserve fewer signal transitions to reduce memory requirements                            ; On              ; On            ;
; Trigger vector comparison with the specified mode                                          ; INPUT_EDGE      ; INPUT_EDGE    ;
; Disable setup and hold time violations detection in input registers of bi-directional pins ; Off             ; Off           ;
; Overwrite Waveform Inputs With Simulation Outputs                                          ; Off             ;               ;
; Perform Glitch Filtering in Timing Simulation                                              ; Auto            ; Auto          ;
+--------------------------------------------------------------------------------------------+-----------------+---------------+


+----------------------+
; Simulation Waveforms ;
+----------------------+
Waveform report data cannot be output to ASCII.
Please use Quartus II to view the waveform report data.


+--------------------------------------------------------------------+
; Coverage Summary                                                   ;
+-----------------------------------------------------+--------------+
; Type                                                ; Value        ;
+-----------------------------------------------------+--------------+
; Total coverage as a percentage                      ;      74.79 % ;
; Total nodes checked                                 ; 113          ;
; Total output ports checked                          ; 119          ;
; Total output ports with complete 1/0-value coverage ; 89           ;
; Total output ports with no 1/0-value coverage       ; 30           ;
; Total output ports with no 1-value coverage         ; 30           ;
; Total output ports with no 0-value coverage         ; 30           ;
+-----------------------------------------------------+--------------+


The following table displays output ports that toggle between 1 and 0 during simulation.
+----------------------------------------------------------------------------------------------------------------------------------------------------------------------------------------+
; Complete 1/0-Value Coverage                                                                                                                                                            ;
+----------------------------------------------------------------------------------+----------------------------------------------------------------------------------+------------------+
; Node Name                                                                        ; Output Port Name                                                                 ; Output Port Type ;
+----------------------------------------------------------------------------------+----------------------------------------------------------------------------------+------------------+
; |Exp02Task03|count~0                                                             ; |Exp02Task03|count~0                                                             ; out              ;
; |Exp02Task03|count~1                                                             ; |Exp02Task03|count~1                                                             ; out              ;
; |Exp02Task03|count~2                                                             ; |Exp02Task03|count~2                                                             ; out              ;
; |Exp02Task03|count~3                                                             ; |Exp02Task03|count~3                                                             ; out              ;
; |Exp02Task03|count[3]~reg0                                                       ; |Exp02Task03|count[3]~reg0                                                       ; regout           ;
; |Exp02Task03|count[2]~reg0                                                       ; |Exp02Task03|count[2]~reg0                                                       ; regout           ;
; |Exp02Task03|count[1]~reg0                                                       ; |Exp02Task03|count[1]~reg0                                                       ; regout           ;
; |Exp02Task03|count[0]~reg0                                                       ; |Exp02Task03|count[0]~reg0                                                       ; regout           ;
; |Exp02Task03|count~4                                                             ; |Exp02Task03|count~4                                                             ; out              ;
; |Exp02Task03|count~5                                                             ; |Exp02Task03|count~5                                                             ; out              ;
; |Exp02Task03|count~6                                                             ; |Exp02Task03|count~6                                                             ; out              ;
; |Exp02Task03|count~7                                                             ; |Exp02Task03|count~7                                                             ; out              ;
; |Exp02Task03|count~8                                                             ; |Exp02Task03|count~8                                                             ; out              ;
; |Exp02Task03|count~9                                                             ; |Exp02Task03|count~9                                                             ; out              ;
; |Exp02Task03|count~10                                                            ; |Exp02Task03|count~10                                                            ; out              ;
; |Exp02Task03|count~11                                                            ; |Exp02Task03|count~11                                                            ; out              ;
; |Exp02Task03|count~12                                                            ; |Exp02Task03|count~12                                                            ; out              ;
; |Exp02Task03|count~13                                                            ; |Exp02Task03|count~13                                                            ; out              ;
; |Exp02Task03|count~14                                                            ; |Exp02Task03|count~14                                                            ; out              ;
; |Exp02Task03|count~15                                                            ; |Exp02Task03|count~15                                                            ; out              ;
; |Exp02Task03|clk                                                                 ; |Exp02Task03|clk                                                                 ; out              ;
; |Exp02Task03|UpDown                                                              ; |Exp02Task03|UpDown                                                              ; out              ;
; |Exp02Task03|count[0]                                                            ; |Exp02Task03|count[0]                                                            ; pin_out          ;
; |Exp02Task03|count[1]                                                            ; |Exp02Task03|count[1]                                                            ; pin_out          ;
; |Exp02Task03|count[2]                                                            ; |Exp02Task03|count[2]                                                            ; pin_out          ;
; |Exp02Task03|count[3]                                                            ; |Exp02Task03|count[3]                                                            ; pin_out          ;
; |Exp02Task03|Equal0~33                                                           ; |Exp02Task03|Equal0~33                                                           ; out0             ;
; |Exp02Task03|Equal1~33                                                           ; |Exp02Task03|Equal1~33                                                           ; out0             ;
; |Exp02Task03|lpm_add_sub:Add1|result_node[1]                                     ; |Exp02Task03|lpm_add_sub:Add1|result_node[1]                                     ; out0             ;
; |Exp02Task03|lpm_add_sub:Add1|result_node[2]                                     ; |Exp02Task03|lpm_add_sub:Add1|result_node[2]                                     ; out0             ;
; |Exp02Task03|lpm_add_sub:Add1|result_node[3]                                     ; |Exp02Task03|lpm_add_sub:Add1|result_node[3]                                     ; out0             ;
; |Exp02Task03|lpm_add_sub:Add1|result_node[4]                                     ; |Exp02Task03|lpm_add_sub:Add1|result_node[4]                                     ; out0             ;
; |Exp02Task03|lpm_add_sub:Add1|addcore:adder|unreg_res_node[4]~1                  ; |Exp02Task03|lpm_add_sub:Add1|addcore:adder|unreg_res_node[4]~1                  ; out0             ;
; |Exp02Task03|lpm_add_sub:Add1|addcore:adder|unreg_res_node[3]~2                  ; |Exp02Task03|lpm_add_sub:Add1|addcore:adder|unreg_res_node[3]~2                  ; out0             ;
; |Exp02Task03|lpm_add_sub:Add1|addcore:adder|unreg_res_node[2]~3                  ; |Exp02Task03|lpm_add_sub:Add1|addcore:adder|unreg_res_node[2]~3                  ; out0             ;
; |Exp02Task03|lpm_add_sub:Add1|addcore:adder|unreg_res_node[1]~4                  ; |Exp02Task03|lpm_add_sub:Add1|addcore:adder|unreg_res_node[1]~4                  ; out0             ;
; |Exp02Task03|lpm_add_sub:Add1|addcore:adder|unreg_res_node[4]                    ; |Exp02Task03|lpm_add_sub:Add1|addcore:adder|unreg_res_node[4]                    ; out0             ;
; |Exp02Task03|lpm_add_sub:Add1|addcore:adder|unreg_res_node[3]                    ; |Exp02Task03|lpm_add_sub:Add1|addcore:adder|unreg_res_node[3]                    ; out0             ;
; |Exp02Task03|lpm_add_sub:Add1|addcore:adder|unreg_res_node[2]                    ; |Exp02Task03|lpm_add_sub:Add1|addcore:adder|unreg_res_node[2]                    ; out0             ;
; |Exp02Task03|lpm_add_sub:Add1|addcore:adder|unreg_res_node[1]                    ; |Exp02Task03|lpm_add_sub:Add1|addcore:adder|unreg_res_node[1]                    ; out0             ;
; |Exp02Task03|lpm_add_sub:Add1|addcore:adder|_~4                                  ; |Exp02Task03|lpm_add_sub:Add1|addcore:adder|_~4                                  ; out0             ;
; |Exp02Task03|lpm_add_sub:Add1|addcore:adder|_~5                                  ; |Exp02Task03|lpm_add_sub:Add1|addcore:adder|_~5                                  ; out0             ;
; |Exp02Task03|lpm_add_sub:Add1|addcore:adder|_~6                                  ; |Exp02Task03|lpm_add_sub:Add1|addcore:adder|_~6                                  ; out0             ;
; |Exp02Task03|lpm_add_sub:Add1|addcore:adder|_~11                                 ; |Exp02Task03|lpm_add_sub:Add1|addcore:adder|_~11                                 ; out0             ;
; |Exp02Task03|lpm_add_sub:Add1|addcore:adder|_~12                                 ; |Exp02Task03|lpm_add_sub:Add1|addcore:adder|_~12                                 ; out0             ;
; |Exp02Task03|lpm_add_sub:Add1|addcore:adder|_~13                                 ; |Exp02Task03|lpm_add_sub:Add1|addcore:adder|_~13                                 ; out0             ;
; |Exp02Task03|lpm_add_sub:Add1|addcore:adder|_~14                                 ; |Exp02Task03|lpm_add_sub:Add1|addcore:adder|_~14                                 ; out0             ;
; |Exp02Task03|lpm_add_sub:Add1|addcore:adder|_~15                                 ; |Exp02Task03|lpm_add_sub:Add1|addcore:adder|_~15                                 ; out0             ;
; |Exp02Task03|lpm_add_sub:Add1|addcore:adder|_~16                                 ; |Exp02Task03|lpm_add_sub:Add1|addcore:adder|_~16                                 ; out0             ;
; |Exp02Task03|lpm_add_sub:Add1|addcore:adder|_~17                                 ; |Exp02Task03|lpm_add_sub:Add1|addcore:adder|_~17                                 ; out0             ;
; |Exp02Task03|lpm_add_sub:Add1|addcore:adder|_~18                                 ; |Exp02Task03|lpm_add_sub:Add1|addcore:adder|_~18                                 ; out0             ;
; |Exp02Task03|lpm_add_sub:Add1|addcore:adder|_~19                                 ; |Exp02Task03|lpm_add_sub:Add1|addcore:adder|_~19                                 ; out0             ;
; |Exp02Task03|lpm_add_sub:Add1|addcore:adder|a_csnbuffer:result_node|cs_buffer[4] ; |Exp02Task03|lpm_add_sub:Add1|addcore:adder|a_csnbuffer:result_node|cs_buffer[4] ; sout             ;
; |Exp02Task03|lpm_add_sub:Add1|addcore:adder|a_csnbuffer:result_node|cs_buffer[3] ; |Exp02Task03|lpm_add_sub:Add1|addcore:adder|a_csnbuffer:result_node|cout[3]      ; cout             ;
; |Exp02Task03|lpm_add_sub:Add1|addcore:adder|a_csnbuffer:result_node|cs_buffer[3] ; |Exp02Task03|lpm_add_sub:Add1|addcore:adder|a_csnbuffer:result_node|cs_buffer[3] ; sout             ;
; |Exp02Task03|lpm_add_sub:Add1|addcore:adder|a_csnbuffer:result_node|cs_buffer[2] ; |Exp02Task03|lpm_add_sub:Add1|addcore:adder|a_csnbuffer:result_node|cout[2]      ; cout             ;
; |Exp02Task03|lpm_add_sub:Add1|addcore:adder|a_csnbuffer:result_node|cs_buffer[2] ; |Exp02Task03|lpm_add_sub:Add1|addcore:adder|a_csnbuffer:result_node|cs_buffer[2] ; sout             ;
; |Exp02Task03|lpm_add_sub:Add1|addcore:adder|a_csnbuffer:result_node|cs_buffer[1] ; |Exp02Task03|lpm_add_sub:Add1|addcore:adder|a_csnbuffer:result_node|cout[1]      ; cout             ;
; |Exp02Task03|lpm_add_sub:Add1|addcore:adder|a_csnbuffer:result_node|cs_buffer[1] ; |Exp02Task03|lpm_add_sub:Add1|addcore:adder|a_csnbuffer:result_node|cs_buffer[1] ; sout             ;
; |Exp02Task03|lpm_add_sub:Add0|result_node[0]                                     ; |Exp02Task03|lpm_add_sub:Add0|result_node[0]                                     ; out0             ;
; |Exp02Task03|lpm_add_sub:Add0|result_node[1]                                     ; |Exp02Task03|lpm_add_sub:Add0|result_node[1]                                     ; out0             ;
; |Exp02Task03|lpm_add_sub:Add0|result_node[2]                                     ; |Exp02Task03|lpm_add_sub:Add0|result_node[2]                                     ; out0             ;
; |Exp02Task03|lpm_add_sub:Add0|result_node[3]                                     ; |Exp02Task03|lpm_add_sub:Add0|result_node[3]                                     ; out0             ;
; |Exp02Task03|lpm_add_sub:Add0|addcore:adder|unreg_res_node[0]~0                  ; |Exp02Task03|lpm_add_sub:Add0|addcore:adder|unreg_res_node[0]~0                  ; out0             ;
; |Exp02Task03|lpm_add_sub:Add0|addcore:adder|unreg_res_node[0]                    ; |Exp02Task03|lpm_add_sub:Add0|addcore:adder|unreg_res_node[0]                    ; out0             ;
; |Exp02Task03|lpm_add_sub:Add0|addcore:adder|_~0                                  ; |Exp02Task03|lpm_add_sub:Add0|addcore:adder|_~0                                  ; out0             ;
; |Exp02Task03|lpm_add_sub:Add0|addcore:adder|_~3                                  ; |Exp02Task03|lpm_add_sub:Add0|addcore:adder|_~3                                  ; out0             ;
; |Exp02Task03|lpm_add_sub:Add0|addcore:adder|unreg_res_node[3]~1                  ; |Exp02Task03|lpm_add_sub:Add0|addcore:adder|unreg_res_node[3]~1                  ; out0             ;
; |Exp02Task03|lpm_add_sub:Add0|addcore:adder|unreg_res_node[2]~2                  ; |Exp02Task03|lpm_add_sub:Add0|addcore:adder|unreg_res_node[2]~2                  ; out0             ;
; |Exp02Task03|lpm_add_sub:Add0|addcore:adder|unreg_res_node[1]~3                  ; |Exp02Task03|lpm_add_sub:Add0|addcore:adder|unreg_res_node[1]~3                  ; out0             ;
; |Exp02Task03|lpm_add_sub:Add0|addcore:adder|unreg_res_node[3]                    ; |Exp02Task03|lpm_add_sub:Add0|addcore:adder|unreg_res_node[3]                    ; out0             ;
; |Exp02Task03|lpm_add_sub:Add0|addcore:adder|unreg_res_node[2]                    ; |Exp02Task03|lpm_add_sub:Add0|addcore:adder|unreg_res_node[2]                    ; out0             ;
; |Exp02Task03|lpm_add_sub:Add0|addcore:adder|unreg_res_node[1]                    ; |Exp02Task03|lpm_add_sub:Add0|addcore:adder|unreg_res_node[1]                    ; out0             ;
; |Exp02Task03|lpm_add_sub:Add0|addcore:adder|_~7                                  ; |Exp02Task03|lpm_add_sub:Add0|addcore:adder|_~7                                  ; out0             ;
; |Exp02Task03|lpm_add_sub:Add0|addcore:adder|_~8                                  ; |Exp02Task03|lpm_add_sub:Add0|addcore:adder|_~8                                  ; out0             ;
; |Exp02Task03|lpm_add_sub:Add0|addcore:adder|_~9                                  ; |Exp02Task03|lpm_add_sub:Add0|addcore:adder|_~9                                  ; out0             ;
; |Exp02Task03|lpm_add_sub:Add0|addcore:adder|_~10                                 ; |Exp02Task03|lpm_add_sub:Add0|addcore:adder|_~10                                 ; out0             ;
; |Exp02Task03|lpm_add_sub:Add0|addcore:adder|_~11                                 ; |Exp02Task03|lpm_add_sub:Add0|addcore:adder|_~11                                 ; out0             ;
; |Exp02Task03|lpm_add_sub:Add0|addcore:adder|_~12                                 ; |Exp02Task03|lpm_add_sub:Add0|addcore:adder|_~12                                 ; out0             ;
; |Exp02Task03|lpm_add_sub:Add0|addcore:adder|_~13                                 ; |Exp02Task03|lpm_add_sub:Add0|addcore:adder|_~13                                 ; out0             ;
; |Exp02Task03|lpm_add_sub:Add0|addcore:adder|_~14                                 ; |Exp02Task03|lpm_add_sub:Add0|addcore:adder|_~14                                 ; out0             ;
; |Exp02Task03|lpm_add_sub:Add0|addcore:adder|_~15                                 ; |Exp02Task03|lpm_add_sub:Add0|addcore:adder|_~15                                 ; out0             ;
; |Exp02Task03|lpm_add_sub:Add0|addcore:adder|a_csnbuffer:result_node|cs_buffer[3] ; |Exp02Task03|lpm_add_sub:Add0|addcore:adder|a_csnbuffer:result_node|cs_buffer[3] ; sout             ;
; |Exp02Task03|lpm_add_sub:Add0|addcore:adder|a_csnbuffer:result_node|cs_buffer[2] ; |Exp02Task03|lpm_add_sub:Add0|addcore:adder|a_csnbuffer:result_node|cout[2]      ; cout             ;
; |Exp02Task03|lpm_add_sub:Add0|addcore:adder|a_csnbuffer:result_node|cs_buffer[2] ; |Exp02Task03|lpm_add_sub:Add0|addcore:adder|a_csnbuffer:result_node|cs_buffer[2] ; sout             ;
; |Exp02Task03|lpm_add_sub:Add0|addcore:adder|a_csnbuffer:result_node|cs_buffer[1] ; |Exp02Task03|lpm_add_sub:Add0|addcore:adder|a_csnbuffer:result_node|cout[1]      ; cout             ;
; |Exp02Task03|lpm_add_sub:Add0|addcore:adder|a_csnbuffer:result_node|cs_buffer[1] ; |Exp02Task03|lpm_add_sub:Add0|addcore:adder|a_csnbuffer:result_node|cs_buffer[1] ; sout             ;
; |Exp02Task03|lpm_add_sub:Add0|addcore:adder|a_csnbuffer:result_node|cs_buffer[0] ; |Exp02Task03|lpm_add_sub:Add0|addcore:adder|a_csnbuffer:result_node|cout[0]      ; cout             ;
; |Exp02Task03|lpm_add_sub:Add0|addcore:adder|a_csnbuffer:result_node|cs_buffer[0] ; |Exp02Task03|lpm_add_sub:Add0|addcore:adder|a_csnbuffer:result_node|cs_buffer[0] ; sout             ;
+----------------------------------------------------------------------------------+----------------------------------------------------------------------------------+------------------+


The following table displays output ports that do not toggle to 1 during simulation.
+-----------------------------------------------------------------------------------------------------------------------------------------------------------------------------------+
; Missing 1-Value Coverage                                                                                                                                                          ;
+----------------------------------------------------------------------------------+-----------------------------------------------------------------------------+------------------+
; Node Name                                                                        ; Output Port Name                                                            ; Output Port Type ;
+----------------------------------------------------------------------------------+-----------------------------------------------------------------------------+------------------+
; |Exp02Task03|reset                                                               ; |Exp02Task03|reset                                                          ; out              ;
; |Exp02Task03|lpm_add_sub:Add1|addcore:adder|datab_node[0]~0                      ; |Exp02Task03|lpm_add_sub:Add1|addcore:adder|datab_node[0]~0                 ; out0             ;
; |Exp02Task03|lpm_add_sub:Add1|addcore:adder|datab_node[0]                        ; |Exp02Task03|lpm_add_sub:Add1|addcore:adder|datab_node[0]                   ; out0             ;
; |Exp02Task03|lpm_add_sub:Add1|addcore:adder|unreg_res_node[0]~0                  ; |Exp02Task03|lpm_add_sub:Add1|addcore:adder|unreg_res_node[0]~0             ; out0             ;
; |Exp02Task03|lpm_add_sub:Add1|addcore:adder|unreg_res_node[0]                    ; |Exp02Task03|lpm_add_sub:Add1|addcore:adder|unreg_res_node[0]               ; out0             ;
; |Exp02Task03|lpm_add_sub:Add1|addcore:adder|_~0                                  ; |Exp02Task03|lpm_add_sub:Add1|addcore:adder|_~0                             ; out0             ;
; |Exp02Task03|lpm_add_sub:Add1|addcore:adder|_~1                                  ; |Exp02Task03|lpm_add_sub:Add1|addcore:adder|_~1                             ; out0             ;
; |Exp02Task03|lpm_add_sub:Add1|addcore:adder|_~2                                  ; |Exp02Task03|lpm_add_sub:Add1|addcore:adder|_~2                             ; out0             ;
; |Exp02Task03|lpm_add_sub:Add1|addcore:adder|_~3                                  ; |Exp02Task03|lpm_add_sub:Add1|addcore:adder|_~3                             ; out0             ;
; |Exp02Task03|lpm_add_sub:Add1|addcore:adder|datab_node[4]~1                      ; |Exp02Task03|lpm_add_sub:Add1|addcore:adder|datab_node[4]~1                 ; out0             ;
; |Exp02Task03|lpm_add_sub:Add1|addcore:adder|datab_node[4]                        ; |Exp02Task03|lpm_add_sub:Add1|addcore:adder|datab_node[4]                   ; out0             ;
; |Exp02Task03|lpm_add_sub:Add1|addcore:adder|datab_node[3]                        ; |Exp02Task03|lpm_add_sub:Add1|addcore:adder|datab_node[3]                   ; out0             ;
; |Exp02Task03|lpm_add_sub:Add1|addcore:adder|datab_node[2]                        ; |Exp02Task03|lpm_add_sub:Add1|addcore:adder|datab_node[2]                   ; out0             ;
; |Exp02Task03|lpm_add_sub:Add1|addcore:adder|datab_node[1]                        ; |Exp02Task03|lpm_add_sub:Add1|addcore:adder|datab_node[1]                   ; out0             ;
; |Exp02Task03|lpm_add_sub:Add1|addcore:adder|_~7                                  ; |Exp02Task03|lpm_add_sub:Add1|addcore:adder|_~7                             ; out0             ;
; |Exp02Task03|lpm_add_sub:Add1|addcore:adder|_~8                                  ; |Exp02Task03|lpm_add_sub:Add1|addcore:adder|_~8                             ; out0             ;
; |Exp02Task03|lpm_add_sub:Add1|addcore:adder|_~9                                  ; |Exp02Task03|lpm_add_sub:Add1|addcore:adder|_~9                             ; out0             ;
; |Exp02Task03|lpm_add_sub:Add1|addcore:adder|_~10                                 ; |Exp02Task03|lpm_add_sub:Add1|addcore:adder|_~10                            ; out0             ;
; |Exp02Task03|lpm_add_sub:Add1|addcore:adder|a_csnbuffer:result_node|cs_buffer[0] ; |Exp02Task03|lpm_add_sub:Add1|addcore:adder|a_csnbuffer:result_node|cout[0] ; cout             ;
; |Exp02Task03|lpm_add_sub:Add0|addcore:adder|datab_node[0]~0                      ; |Exp02Task03|lpm_add_sub:Add0|addcore:adder|datab_node[0]~0                 ; out0             ;
; |Exp02Task03|lpm_add_sub:Add0|addcore:adder|datab_node[0]                        ; |Exp02Task03|lpm_add_sub:Add0|addcore:adder|datab_node[0]                   ; out0             ;
; |Exp02Task03|lpm_add_sub:Add0|addcore:adder|_~1                                  ; |Exp02Task03|lpm_add_sub:Add0|addcore:adder|_~1                             ; out0             ;
; |Exp02Task03|lpm_add_sub:Add0|addcore:adder|_~2                                  ; |Exp02Task03|lpm_add_sub:Add0|addcore:adder|_~2                             ; out0             ;
; |Exp02Task03|lpm_add_sub:Add0|addcore:adder|datab_node[3]~1                      ; |Exp02Task03|lpm_add_sub:Add0|addcore:adder|datab_node[3]~1                 ; out0             ;
; |Exp02Task03|lpm_add_sub:Add0|addcore:adder|datab_node[3]                        ; |Exp02Task03|lpm_add_sub:Add0|addcore:adder|datab_node[3]                   ; out0             ;
; |Exp02Task03|lpm_add_sub:Add0|addcore:adder|datab_node[2]                        ; |Exp02Task03|lpm_add_sub:Add0|addcore:adder|datab_node[2]                   ; out0             ;
; |Exp02Task03|lpm_add_sub:Add0|addcore:adder|datab_node[1]                        ; |Exp02Task03|lpm_add_sub:Add0|addcore:adder|datab_node[1]                   ; out0             ;
; |Exp02Task03|lpm_add_sub:Add0|addcore:adder|_~4                                  ; |Exp02Task03|lpm_add_sub:Add0|addcore:adder|_~4                             ; out0             ;
; |Exp02Task03|lpm_add_sub:Add0|addcore:adder|_~5                                  ; |Exp02Task03|lpm_add_sub:Add0|addcore:adder|_~5                             ; out0             ;
; |Exp02Task03|lpm_add_sub:Add0|addcore:adder|_~6                                  ; |Exp02Task03|lpm_add_sub:Add0|addcore:adder|_~6                             ; out0             ;
+----------------------------------------------------------------------------------+-----------------------------------------------------------------------------+------------------+


The following table displays output ports that do not toggle to 0 during simulation.
+-----------------------------------------------------------------------------------------------------------------------------------------------------------------------------------+
; Missing 0-Value Coverage                                                                                                                                                          ;
+----------------------------------------------------------------------------------+-----------------------------------------------------------------------------+------------------+
; Node Name                                                                        ; Output Port Name                                                            ; Output Port Type ;
+----------------------------------------------------------------------------------+-----------------------------------------------------------------------------+------------------+
; |Exp02Task03|reset                                                               ; |Exp02Task03|reset                                                          ; out              ;
; |Exp02Task03|lpm_add_sub:Add1|addcore:adder|datab_node[0]~0                      ; |Exp02Task03|lpm_add_sub:Add1|addcore:adder|datab_node[0]~0                 ; out0             ;
; |Exp02Task03|lpm_add_sub:Add1|addcore:adder|datab_node[0]                        ; |Exp02Task03|lpm_add_sub:Add1|addcore:adder|datab_node[0]                   ; out0             ;
; |Exp02Task03|lpm_add_sub:Add1|addcore:adder|unreg_res_node[0]~0                  ; |Exp02Task03|lpm_add_sub:Add1|addcore:adder|unreg_res_node[0]~0             ; out0             ;
; |Exp02Task03|lpm_add_sub:Add1|addcore:adder|unreg_res_node[0]                    ; |Exp02Task03|lpm_add_sub:Add1|addcore:adder|unreg_res_node[0]               ; out0             ;
; |Exp02Task03|lpm_add_sub:Add1|addcore:adder|_~0                                  ; |Exp02Task03|lpm_add_sub:Add1|addcore:adder|_~0                             ; out0             ;
; |Exp02Task03|lpm_add_sub:Add1|addcore:adder|_~1                                  ; |Exp02Task03|lpm_add_sub:Add1|addcore:adder|_~1                             ; out0             ;
; |Exp02Task03|lpm_add_sub:Add1|addcore:adder|_~2                                  ; |Exp02Task03|lpm_add_sub:Add1|addcore:adder|_~2                             ; out0             ;
; |Exp02Task03|lpm_add_sub:Add1|addcore:adder|_~3                                  ; |Exp02Task03|lpm_add_sub:Add1|addcore:adder|_~3                             ; out0             ;
; |Exp02Task03|lpm_add_sub:Add1|addcore:adder|datab_node[4]~1                      ; |Exp02Task03|lpm_add_sub:Add1|addcore:adder|datab_node[4]~1                 ; out0             ;
; |Exp02Task03|lpm_add_sub:Add1|addcore:adder|datab_node[4]                        ; |Exp02Task03|lpm_add_sub:Add1|addcore:adder|datab_node[4]                   ; out0             ;
; |Exp02Task03|lpm_add_sub:Add1|addcore:adder|datab_node[3]                        ; |Exp02Task03|lpm_add_sub:Add1|addcore:adder|datab_node[3]                   ; out0             ;
; |Exp02Task03|lpm_add_sub:Add1|addcore:adder|datab_node[2]                        ; |Exp02Task03|lpm_add_sub:Add1|addcore:adder|datab_node[2]                   ; out0             ;
; |Exp02Task03|lpm_add_sub:Add1|addcore:adder|datab_node[1]                        ; |Exp02Task03|lpm_add_sub:Add1|addcore:adder|datab_node[1]                   ; out0             ;
; |Exp02Task03|lpm_add_sub:Add1|addcore:adder|_~7                                  ; |Exp02Task03|lpm_add_sub:Add1|addcore:adder|_~7                             ; out0             ;
; |Exp02Task03|lpm_add_sub:Add1|addcore:adder|_~8                                  ; |Exp02Task03|lpm_add_sub:Add1|addcore:adder|_~8                             ; out0             ;
; |Exp02Task03|lpm_add_sub:Add1|addcore:adder|_~9                                  ; |Exp02Task03|lpm_add_sub:Add1|addcore:adder|_~9                             ; out0             ;
; |Exp02Task03|lpm_add_sub:Add1|addcore:adder|_~10                                 ; |Exp02Task03|lpm_add_sub:Add1|addcore:adder|_~10                            ; out0             ;
; |Exp02Task03|lpm_add_sub:Add1|addcore:adder|a_csnbuffer:result_node|cs_buffer[0] ; |Exp02Task03|lpm_add_sub:Add1|addcore:adder|a_csnbuffer:result_node|cout[0] ; cout             ;
; |Exp02Task03|lpm_add_sub:Add0|addcore:adder|datab_node[0]~0                      ; |Exp02Task03|lpm_add_sub:Add0|addcore:adder|datab_node[0]~0                 ; out0             ;
; |Exp02Task03|lpm_add_sub:Add0|addcore:adder|datab_node[0]                        ; |Exp02Task03|lpm_add_sub:Add0|addcore:adder|datab_node[0]                   ; out0             ;
; |Exp02Task03|lpm_add_sub:Add0|addcore:adder|_~1                                  ; |Exp02Task03|lpm_add_sub:Add0|addcore:adder|_~1                             ; out0             ;
; |Exp02Task03|lpm_add_sub:Add0|addcore:adder|_~2                                  ; |Exp02Task03|lpm_add_sub:Add0|addcore:adder|_~2                             ; out0             ;
; |Exp02Task03|lpm_add_sub:Add0|addcore:adder|datab_node[3]~1                      ; |Exp02Task03|lpm_add_sub:Add0|addcore:adder|datab_node[3]~1                 ; out0             ;
; |Exp02Task03|lpm_add_sub:Add0|addcore:adder|datab_node[3]                        ; |Exp02Task03|lpm_add_sub:Add0|addcore:adder|datab_node[3]                   ; out0             ;
; |Exp02Task03|lpm_add_sub:Add0|addcore:adder|datab_node[2]                        ; |Exp02Task03|lpm_add_sub:Add0|addcore:adder|datab_node[2]                   ; out0             ;
; |Exp02Task03|lpm_add_sub:Add0|addcore:adder|datab_node[1]                        ; |Exp02Task03|lpm_add_sub:Add0|addcore:adder|datab_node[1]                   ; out0             ;
; |Exp02Task03|lpm_add_sub:Add0|addcore:adder|_~4                                  ; |Exp02Task03|lpm_add_sub:Add0|addcore:adder|_~4                             ; out0             ;
; |Exp02Task03|lpm_add_sub:Add0|addcore:adder|_~5                                  ; |Exp02Task03|lpm_add_sub:Add0|addcore:adder|_~5                             ; out0             ;
; |Exp02Task03|lpm_add_sub:Add0|addcore:adder|_~6                                  ; |Exp02Task03|lpm_add_sub:Add0|addcore:adder|_~6                             ; out0             ;
+----------------------------------------------------------------------------------+-----------------------------------------------------------------------------+------------------+


+---------------------+
; Simulator INI Usage ;
+--------+------------+
; Option ; Usage      ;
+--------+------------+


+--------------------+
; Simulator Messages ;
+--------------------+
Info: *******************************************************************
Info: Running Quartus II Simulator
    Info: Version 8.1 Build 163 10/28/2008 SJ Web Edition
    Info: Processing started: Thu Aug 27 11:53:34 2020
Info: Command: quartus_sim --read_settings_files=on --write_settings_files=off Exp02Task03 -c Exp02Task03
Info: Using vector source file "D:/Documents/BRACU/11. 2020 Summer/CSE460/Lab/Exp 02/Exp02Task03/Exp02Task03.vwf"
Info: Option to preserve fewer signal transitions to reduce memory requirements is enabled
    Info: Simulation has been partitioned into sub-simulations according to the maximum transition count determined by the engine. Transitions from memory will be flushed out to disk at the end of each sub-simulation to reduce memory requirements.
Info: Simulation partitioned into 1 sub-simulations
Info: Simulation coverage is      74.79 %
Info: Number of transitions in simulation is 14435
Info: Quartus II Simulator was successful. 0 errors, 0 warnings
    Info: Peak virtual memory: 150 megabytes
    Info: Processing ended: Thu Aug 27 11:53:35 2020
    Info: Elapsed time: 00:00:01
    Info: Total CPU time (on all processors): 00:00:00


