--------------------------------------------------------------------------------------
Timing Analyzer Summary
--------------------------------------------------------------------------------------

Type           : Worst-case tsu
Slack          : N/A
Required Time  : None
Actual Time    : 0.900 ns
From           : w
To             : y.S0
From Clock     : --
To Clock       : Clock
Failed Paths   : 0

Type           : Worst-case tco
Slack          : N/A
Required Time  : None
Actual Time    : 8.700 ns
From           : y.S4
To             : z
From Clock     : Clock
To Clock       : --
Failed Paths   : 0

Type           : Worst-case th
Slack          : N/A
Required Time  : None
Actual Time    : 0.200 ns
From           : w
To             : y.S0
From Clock     : --
To Clock       : Clock
Failed Paths   : 0

Type           : Clock Setup: 'Clock'
Slack          : N/A
Required Time  : None
Actual Time    : Restricted to 250.00 MHz ( period = 4.000 ns )
From           : y.S6
To             : y.S5
From Clock     : Clock
To Clock       : Clock
Failed Paths   : 0

Type           : Total number of failed paths
Slack          : 
Required Time  : 
Actual Time    : 
From           : 
To             : 
From Clock     : 
To Clock       : 
Failed Paths   : 0

--------------------------------------------------------------------------------------

